// Jest Snapshot v1, https://goo.gl/fbAQLP

exports[`Publicly exposed API and docstrings have not changed 1`] = `"a0b41e261f533a7d243d31c3fad8429717024a767d17daa118f8157d2afcc967"`;
