// Jest Snapshot v1, https://goo.gl/fbAQLP

exports[`CustomType transform Explicit CustomType - required 1`] = `
"type Post @model 
{
  location: Location!
}

type Location 
{
  lat: Float
  long: Float
}"
`;

exports[`CustomType transform Explicit CustomType - with auth 1`] = `
"type Post @model 
{
  owner: String
  location: Location @auth(rules: [{allow: owner, ownerField: "owner"}])
}

type Location 
{
  lat: Float
  long: Float
}"
`;

exports[`CustomType transform Explicit CustomType 1`] = `
"type Post @model 
{
  location: Location
}

type Location 
{
  lat: Float
  long: Float
}"
`;

exports[`CustomType transform Implicit CustomType 1`] = `
"type Post @model 
{
  location: Location
}

type Location 
{
  lat: Float
  long: Float
}"
`;
