// Jest Snapshot v1, https://goo.gl/fbAQLP

exports[`CustomOperation transform Custom Mutation w required arg and enum 1`] = `
"enum LikePostReactionType {
  :shipit:
  :risitas:
}

type Mutation {
  likePost(postId: String!, reactionType: LikePostReactionType): Post 
}"
`;

exports[`CustomOperation transform Custom Mutation w string function reference & auth 1`] = `
"type Mutation {
  likePost(postId: String!): Post @function(name: "myFunc") @auth(rules: [{allow: private}])
}"
`;

exports[`CustomOperation transform Custom Mutation w string function reference 1`] = `
"type Mutation {
  likePost(postId: String!): Post @function(name: "myFunc") @auth(rules: [{allow: private}])
}"
`;

exports[`CustomOperation transform Custom mutation w inline boolean return type 1`] = `
"type Mutation {
  likePost(postId: String!): Boolean 
}"
`;

exports[`CustomOperation transform Custom mutation w inline custom return type 1`] = `
"type LikePostReturnType 
{
  stringField: String
  intField: Int
  floatField: Float
  boolField: Boolean
  datetimeField: AWSDateTime
  jsonField: AWSJSON
}

type Mutation {
  likePost(postId: String!): LikePostReturnType 
}"
`;

exports[`CustomOperation transform Custom mutation w inline datetime return type 1`] = `
"type Mutation {
  likePost(postId: String!): AWSDateTime 
}"
`;

exports[`CustomOperation transform Custom mutation w inline float return type 1`] = `
"type Mutation {
  likePost(postId: String!): Float 
}"
`;

exports[`CustomOperation transform Custom mutation w inline integer return type 1`] = `
"type Mutation {
  likePost(postId: String!): Int 
}"
`;

exports[`CustomOperation transform Custom mutation w inline json return type 1`] = `
"type Mutation {
  likePost(postId: String!): AWSJSON 
}"
`;

exports[`CustomOperation transform Custom mutation w inline string return type 1`] = `
"type Mutation {
  likePost(postId: String!): String 
}"
`;

exports[`CustomOperation transform Custom query w inline boolean return type 1`] = `
"type Query {
  getPostDetails(postId: String!): Boolean 
}"
`;

exports[`CustomOperation transform Custom query w inline custom return type 1`] = `
"type GetPostDetailsReturnType 
{
  stringField: String
  intField: Int
  floatField: Float
  boolField: Boolean
  datetimeField: AWSDateTime
  jsonField: AWSJSON
}

type Query {
  getPostDetails(postId: String!): GetPostDetailsReturnType 
}"
`;

exports[`CustomOperation transform Custom query w inline datetime return type 1`] = `
"type Query {
  getPostDetails(postId: String!): AWSDateTime 
}"
`;

exports[`CustomOperation transform Custom query w inline float return type 1`] = `
"type Query {
  getPostDetails(postId: String!): Float 
}"
`;

exports[`CustomOperation transform Custom query w inline integer return type 1`] = `
"type Query {
  getPostDetails(postId: String!): Int 
}"
`;

exports[`CustomOperation transform Custom query w inline json return type 1`] = `
"type Query {
  getPostDetails(postId: String!): AWSJSON 
}"
`;

exports[`CustomOperation transform Custom query w inline string return type 1`] = `
"type Query {
  getPostDetails(postId: String!): String 
}"
`;

exports[`CustomOperation transform Schema w model, custom query, mutation, and subscription 1`] = `
"type Post @model @auth(rules: [{allow: public}])
{
  id: ID! @primaryKey
  title: String
  createdAt: AWSDateTime!
  updatedAt: AWSDateTime!
}

type Mutation {
  likePost(postId: String): Post @function(name: "myFunc") @auth(rules: [{allow: public}])
}

type Query {
  getLikedPost: Post @function(name: "myFunc") @auth(rules: [{allow: public}])
}

type Subscription {
  onLikePost: Post @function(name: "myFunc") @auth(rules: [{allow: public}])
}"
`;

exports[`CustomOperation transform handlers a.handler.custom a.handler.custom with auth and model ref works 1`] = `
"type Post @model @auth(rules: [{allow: public}])
{
  id: ID! @primaryKey
  title: String
  createdAt: AWSDateTime!
  updatedAt: AWSDateTime!
}

type GetPostDetailsReturnType 
{
  
}

type Query {
  getPostDetails: GetPostDetailsReturnType @aws_api_key
}"
`;

exports[`CustomOperation transform handlers a.handler.custom a.handler.custom with auth works 1`] = `
"type GetPostDetailsReturnType 
{
  
}

type Query {
  getPostDetails: GetPostDetailsReturnType @aws_cognito_user_pools(cognito_groups: ["groupA", "groupB"])
}"
`;

exports[`CustomOperation transform handlers a.handler.function works 1`] = `
"type GetPostDetailsReturnType 
{
  
}

type Query {
  getPostDetails: GetPostDetailsReturnType @auth(rules: [{allow: private}])
}"
`;

exports[`CustomOperation transform handlers a.handler.inlineSql works 1`] = `
{
  "functionSlots": [],
  "jsFunctions": [],
  "schema": "type GetPostDetailsReturnType 
{
  
}

type Query {
  getPostDetails: GetPostDetailsReturnType @auth(rules: [{allow: private}])
}",
}
`;

exports[`CustomOperation transform handlers a.handler.sqlReference works 1`] = `
"type GetPostDetailsReturnType 
{
  
}

type Query {
  getPostDetails: GetPostDetailsReturnType @auth(rules: [{allow: private}])
}"
`;
